Vercel CLI 61.1.0 (Node.js 26.7.0)
Deploying akshat-portfolio
Uploading [--------------------] (0.0B/62B)
Uploading [====================] (62.0B/62B)
  Inspect         https://vercel.com/akshat53s-projects/akshat-portfolio/332ao8in3x6woWkNyrCoqzKimn92
  Production      https://akshat-portfolio-8o81pqhga-akshat53s-projects.vercel.app
Building…
Building…
Running build in Washington, D.C., USA (East) – iad1
Build machine configuration: 2 cores, 8 GB
Retrieving list of deployment files...
Downloading 12 deployment files...
Restored build cache from previous deployment (G9juhVKzRRsRfq8KTao7CYBza7rY)
Running "vercel build"
Vercel CLI 60.1.3
Installing dependencies...
up to date in 1s
157 packages are looking for funding
run `npm fund` for details
npm warn install-scripts 1 package has install scripts not yet covered by allowScripts:
npm warn install-scripts   unrs-resolver@1.12.2 (postinstall: node postinstall.js)
npm warn install-scripts
npm warn install-scripts Run `npm install-scripts ls` to review, or `npm install-scripts approve <pkg>` to allow.
Detected Next.js version: 14.2.35
Running "npm run build"
> akshat-kumar-singh-portfolio@1.0.0 build
> next build
▲ Next.js 14.2.35
Creating an optimized production build ...
✓ Compiled successfully
Linting and checking validity of types ...
Collecting page data ...
Generating static pages (0/4) ...
Generating static pages (1/4)
Generating static pages (2/4)
Generating static pages (3/4)
✓ Generating static pages (4/4)
Finalizing page optimization ...
Collecting build traces ...
Route (app)                              Size     First Load JS
┌ ○ /                                    2.21 kB        89.4 kB
└ ○ /_not-found                          873 B          88.1 kB
+ First Load JS shared by all            87.2 kB
├ chunks/117-589e4dfc9479c5ec.js       31.7 kB
├ chunks/fd9d1056-749e5812300142af.js  53.6 kB
└ other shared chunks (total)          1.86 kB
○  (Static)  prerendered as static content
Traced Next.js server files in: 34.08ms
Created all serverless functions in: 83.16ms
Collected static files (public/, static/, .next/static): 3.826ms
Build Completed in /vercel/output [18s]
Deploying outputs...
[2K[1A[2K[G  Production      https://akshat-portfolio-8o81pqhga-akshat53s-projects.vercel.app
Completing…
▲ Aliased         https://akshat-portfolio-xi.vercel.app
{
  "status": "ok",
  "deployment": {
    "id": "dpl_332ao8in3x6woWkNyrCoqzKimn92",
    "url": "https://akshat-portfolio-8o81pqhga-akshat53s-projects.vercel.app",
    "productionUrl": "https://akshat-portfolio-xi.vercel.app",
    "inspectorUrl": "https://vercel.com/akshat53s-projects/akshat-portfolio/332ao8in3x6woWkNyrCoqzKimn92",
    "readyState": "READY",
    "target": "production",
    "deploymentApiUrl": "https://api.vercel.com/v13/deployments/dpl_332ao8in3x6woWkNyrCoqzKimn92",
    "buildMachine": {
      "cores": 2,
      "memory": 8192,
      "machine": "basic",
      "selectionType": "fixed",
      "selectionSource": "plan-default"
    },
    "deploymentProtection": [
      "vercel_authentication"
    ]
  },
  "message": "Deployment akshat-portfolio-8o81pqhga-akshat53s-projects.vercel.app ready. Production URL: https://akshat-portfolio-xi.vercel.app",
  "next": [
    {
      "command": "vercel curl https://akshat-portfolio-xi.vercel.app",
      "when": "Verify deployment, including when Deployment Protection is enabled"
    },
    {
      "command": "vercel inspect akshat-portfolio-8o81pqhga-akshat53s-projects.vercel.app",
      "when": "Inspect deployment"
    },
    {
      "command": "vercel deploy --prod",
      "when": "Promote to production"
    }
  ]
}
